[32m[INFO][0m setup plugin alembic.autogenerate.schemas
[32m[INFO][0m setup plugin alembic.autogenerate.tables
[32m[INFO][0m setup plugin alembic.autogenerate.types
[32m[INFO][0m setup plugin alembic.autogenerate.constraints
[32m[INFO][0m setup plugin alembic.autogenerate.defaults
[32m[INFO][0m setup plugin alembic.autogenerate.comments
[32m[INFO][0m setup plugin alembic.ext.checkconstraint_byname
[32m[INFO][0m Adding extra search path checkpoints /home/johncoffee/pesos confyui/checkpoints
[32m[INFO][0m Adding extra search path loras /home/johncoffee/pesos confyui/loras
[32m[INFO][0m Adding extra search path vae /home/johncoffee/pesos confyui/vae
[32m[INFO][0m Adding extra search path controlnet /home/johncoffee/pesos confyui/controlnet
[32m[INFO][0m Adding extra search path embeddings /home/johncoffee/pesos confyui/embeddings
[32m[INFO][0m Adding extra search path unet /home/johncoffee/pesos confyui/unet
[32m[INFO][0m Adding extra search path clip /home/johncoffee/pesos confyui/clip
[32m[INFO][0m Adding extra search path diffusion_models /home/johncoffee/pesos confyui/diffusion_models
/opt/amdgpu/share/libdrm/amdgpu.ids: No such file or directory
[32m[INFO][0m Found comfy_kitchen backend cuda: {'available': True, 'disabled': True, 'unavailable_reason': None, 'capabilities': ['adaln', 'apply_rope', 'apply_rope1', 'apply_rope1_', 'apply_rope_', 'apply_rope_split_half', 'apply_rope_split_half1', 'apply_rope_split_half1_', 'apply_rope_split_half_', 'convrot_w4a4_linear', 'dequantize_convrot_w4a4_weight', 'dequantize_int8_convrot_weight', 'dequantize_int8_convrot_weight_dtype', 'dequantize_int8_simple', 'dequantize_int8_simple_dtype', 'dequantize_nvfp4', 'dequantize_per_tensor_fp8', 'dequantize_w4a8_int8_weight', 'fp16_conv3d', 'fp16_linear', 'gemv_awq_w4a16', 'group_norm_silu_pad3d', 'na3d', 'prepare_int4_weight_for_int8_linear', 'quantize_and_rotate_rowwise', 'quantize_convrot_w4a4_weight', 'quantize_int8_convrot_weight', 'quantize_int8_rowwise', 'quantize_int8_tensorwise', 'quantize_mxfp8', 'quantize_nvfp4', 'quantize_per_tensor_fp8', 'quantize_svdquant_w4a4', 'quantize_w4a8_int8_weight', 'rms_adaln', 'rms_rope', 'rms_rope1', 'rms_rope1_', 'rms_rope_', 'rms_rope_split_half', 'rms_rope_split_half1', 'rms_rope_split_half1_', 'rms_rope_split_half_', 'rotate_int8_convrot_weight', 'scaled_mm_svdquant_w4a4', 'sol_attn', 'stochastic_rounding_fp8', 'w4a8_int8_linear']}
[32m[INFO][0m Found comfy_kitchen backend eager: {'available': True, 'disabled': False, 'unavailable_reason': None, 'capabilities': ['adaln', 'apply_rope', 'apply_rope1', 'apply_rope1_', 'apply_rope_', 'apply_rope_split_half', 'apply_rope_split_half1', 'apply_rope_split_half1_', 'apply_rope_split_half_', 'convrot_w4a4_linear', 'dequantize_convrot_w4a4_weight', 'dequantize_int8_convrot_weight', 'dequantize_int8_convrot_weight_dtype', 'dequantize_int8_embedding', 'dequantize_int8_simple', 'dequantize_int8_simple_dtype', 'dequantize_mxfp8', 'dequantize_nvfp4', 'dequantize_per_tensor_fp8', 'dequantize_w4a8_int8_weight', 'fp16_conv3d', 'fp16_linear', 'gemv_awq_w4a16', 'group_norm_silu_pad3d', 'int8_linear', 'na3d', 'prepare_int4_weight_for_int8_linear', 'quantize_and_rotate_rowwise', 'quantize_convrot_w4a4_weight', 'quantize_int8_convrot_weight', 'quantize_int8_rowwise', 'quantize_int8_tensorwise', 'quantize_mxfp8', 'quantize_nvfp4', 'quantize_per_tensor_fp8', 'quantize_svdquant_w4a4', 'quantize_w4a8_int8_weight', 'rms_adaln', 'rms_rope', 'rms_rope1', 'rms_rope1_', 'rms_rope_', 'rms_rope_split_half', 'rms_rope_split_half1', 'rms_rope_split_half1_', 'rms_rope_split_half_', 'rotate_int8_convrot_weight', 'scaled_mm_mxfp8', 'scaled_mm_nvfp4', 'scaled_mm_svdquant_w4a4', 'sol_attn', 'stochastic_rounding_fp8', 'w4a8_int8_linear']}
[32m[INFO][0m Found comfy_kitchen backend triton: {'available': True, 'disabled': True, 'unavailable_reason': None, 'capabilities': ['adaln', 'apply_rope', 'apply_rope1', 'apply_rope1_', 'apply_rope_', 'apply_rope_split_half', 'apply_rope_split_half1', 'apply_rope_split_half1_', 'apply_rope_split_half_', 'dequantize_nvfp4', 'dequantize_per_tensor_fp8', 'int8_linear', 'na3d', 'quantize_and_rotate_rowwise', 'quantize_int8_rowwise', 'quantize_mxfp8', 'quantize_nvfp4', 'quantize_per_tensor_fp8', 'rms_adaln', 'rms_rope', 'rms_rope1', 'rms_rope1_', 'rms_rope_', 'rms_rope_split_half', 'rms_rope_split_half1', 'rms_rope_split_half1_', 'rms_rope_split_half_', 'w4a8_int8_linear']}
[32m[INFO][0m Found comfy_kitchen backend hip: {'available': False, 'disabled': False, 'unavailable_reason': 'Failed to load HIP extension: /opt/rocm/lib/libamdhip64.so.7: undefined symbol: hsa_amd_memory_get_preferred_copy_engine, version ROCR_1', 'capabilities': []}
[32m[INFO][0m Checkpoint files will always be loaded safely.
[32m[INFO][0m Total VRAM 16368 MB, total RAM 31899 MB
[32m[INFO][0m pytorch version: 2.9.1+rocm6.4
[32m[INFO][0m AMD arch: gfx900
[32m[INFO][0m ROCm version: (6, 4)
[32m[INFO][0m Set vram state to: NORMAL_VRAM
[32m[INFO][0m Device: cuda:0 AMD Radeon Graphics : native
[32m[INFO][0m Using async weight offloading with 2 streams
[32m[INFO][0m Enabled pinned memory 15514
[32m[INFO][0m Using sub quadratic optimization for attention, if you have memory or speed issues try using: --use-split-cross-attention
[32m[INFO][0m Python version: 3.14.7 (main, Aug 14 2026, 06:38:32) [GCC 16.2.1 20260810]
[32m[INFO][0m ComfyUI version: 0.36.0
[32m[INFO][0m comfy-aimdo version: 0.5.5
[32m[INFO][0m comfy-kitchen version: 0.2.34
[32m[INFO][0m comfyui-frontend-package version: 1.52.7
[32m[INFO][0m comfyui-workflow-templates version: 0.11.62
[32m[INFO][0m comfyui-embedded-docs version: 0.5.11
[32m[INFO][0m comfy-kitchen version: 0.2.34
[32m[INFO][0m comfy-aimdo version: 0.5.5
[32m[INFO][0m [Prompt Server] web root: /mnt/dados/Assistente Pessoal/programas de apoio/ConfyUI/venv/lib/python3.14/site-packages/comfyui_frontend_package/static
[32m[INFO][0m Asset seeder disabled
[32m[INFO][0m No OpenGL_accelerate module loaded: No module named 'OpenGL_accelerate'
[32m[INFO][0m 
Import times for custom nodes:
[32m[INFO][0m    0.0 seconds: /mnt/dados/Assistente Pessoal/programas de apoio/ConfyUI/custom_nodes/websocket_image_save.py
[32m[INFO][0m 
[32m[INFO][0m Context impl SQLiteImpl.
[32m[INFO][0m Will assume non-transactional DDL.
[32m[INFO][0m Using RAM pressure cache.
[32m[INFO][0m Starting server

[32m[INFO][0m To see the GUI go to: http://127.0.0.1:8188
[32m[INFO][0m got prompt
[32m[INFO][0m model weight dtype torch.bfloat16, manual cast: torch.float32
[32m[INFO][0m model_type FLUX
[32m[INFO][0m Model storage policy: fast_disk=False paths=['/home/johncoffee/pesos confyui/checkpoints/ltx-video-2b-v0.9.5.safetensors']
[32m[INFO][0m Model storage policy: fast_disk=False paths=['/home/johncoffee/pesos confyui/checkpoints/ltx-video-2b-v0.9.5.safetensors']
[32m[INFO][0m VAE load device: cuda:0, offload device: cpu, dtype: torch.float32
[1m[33m[WARNING][0m no CLIP/text encoder weights in checkpoint, the text encoder model will not be loaded.
[32m[INFO][0m loaded diffusion model directly to GPU
[32m[INFO][0m Requested to load LTXV
[32m[INFO][0m loaded completely;  3667.90 MB loaded, full load: True
[32m[INFO][0m Model storage policy: fast_disk=False paths=['/home/johncoffee/pesos confyui/clip/t5xxl_fp8_e4m3fn.safetensors']
[32m[INFO][0m Requested to load MochiTEModel_
[32m[INFO][0m loaded completely;  4541.69 MB loaded, full load: True
[32m[INFO][0m CLIP/text encoder model load device: cuda:0, offload device: cpu, current: cuda:0, dtype: torch.float16

rocBLAS error: Cannot read /mnt/dados/Assistente Pessoal/programas de apoio/ConfyUI/venv/lib/python3.14/site-packages/torch/lib/rocblas/library/TensileLibrary.dat: No such file or directory for GPU arch : gfx900
 List of available TensileLibrary Files : 
"/mnt/dados/Assistente Pessoal/programas de apoio/ConfyUI/venv/lib/python3.14/site-packages/torch/lib/rocblas/library/TensileLibrary_lazy_gfx1030.dat"
"/mnt/dados/Assistente Pessoal/programas de apoio/ConfyUI/venv/lib/python3.14/site-packages/torch/lib/rocblas/library/TensileLibrary_lazy_gfx1100.dat"
"/mnt/dados/Assistente Pessoal/programas de apoio/ConfyUI/venv/lib/python3.14/site-packages/torch/lib/rocblas/library/TensileLibrary_lazy_gfx1101.dat"
"/mnt/dados/Assistente Pessoal/programas de apoio/ConfyUI/venv/lib/python3.14/site-packages/torch/lib/rocblas/library/TensileLibrary_lazy_gfx1102.dat"
"/mnt/dados/Assistente Pessoal/programas de apoio/ConfyUI/venv/lib/python3.14/site-packages/torch/lib/rocblas/library/TensileLibrary_lazy_gfx1200.dat"
"/mnt/dados/Assistente Pessoal/programas de apoio/ConfyUI/venv/lib/python3.14/site-packages/torch/lib/rocblas/library/TensileLibrary_lazy_gfx1201.dat"
"/mnt/dados/Assistente Pessoal/programas de apoio/ConfyUI/venv/lib/python3.14/site-packages/torch/lib/rocblas/library/TensileLibrary_lazy_gfx908.dat"
"/mnt/dados/Assistente Pessoal/programas de apoio/ConfyUI/venv/lib/python3.14/site-packages/torch/lib/rocblas/library/TensileLibrary_lazy_gfx90a.dat"
"/mnt/dados/Assistente Pessoal/programas de apoio/ConfyUI/venv/lib/python3.14/site-packages/torch/lib/rocblas/library/TensileLibrary_lazy_gfx942.dat"
