Looking in indexes: https://download.pytorch.org/whl/rocm6.4
Collecting torch
  Downloading torch-2.9.1%2Brocm6.4-cp314-cp314-manylinux_2_28_x86_64.whl.metadata (29 kB)
Collecting torchvision
  Downloading torchvision-0.24.1%2Brocm6.4-cp314-cp314-manylinux_2_28_x86_64.whl.metadata (5.9 kB)
Collecting filelock (from torch)
  Downloading filelock-3.32.3-py3-none-any.whl.metadata (2.0 kB)
Collecting typing-extensions>=4.10.0 (from torch)
  Downloading typing_extensions-4.16.0-py3-none-any.whl.metadata (3.3 kB)
Collecting setuptools (from torch)
  Downloading setuptools-78.1.0-py3-none-any.whl.metadata (6.6 kB)
Collecting sympy>=1.13.3 (from torch)
  Downloading sympy-1.14.0-py3-none-any.whl.metadata (12 kB)
Collecting networkx>=2.5.1 (from torch)
  Downloading networkx-3.6.1-py3-none-any.whl.metadata (6.8 kB)
Collecting jinja2 (from torch)
  Downloading jinja2-3.1.6-py3-none-any.whl.metadata (2.9 kB)
Collecting fsspec>=0.8.5 (from torch)
  Downloading fsspec-2026.7.0-py3-none-any.whl.metadata (10 kB)
Collecting pytorch-triton-rocm==3.5.1 (from torch)
  Downloading pytorch_triton_rocm-3.5.1-cp314-cp314-linux_x86_64.whl.metadata (1.7 kB)
Collecting numpy (from torchvision)
  Downloading numpy-2.5.2-cp314-cp314-manylinux_2_27_x86_64.manylinux_2_28_x86_64.whl.metadata (6.6 kB)
Collecting pillow!=8.3.*,>=5.3.0 (from torchvision)
  Downloading pillow-12.3.0-cp314-cp314-manylinux_2_27_x86_64.manylinux_2_28_x86_64.whl.metadata (9.1 kB)
Collecting mpmath<1.4,>=1.1.0 (from sympy>=1.13.3->torch)
  Downloading mpmath-1.3.0-py3-none-any.whl.metadata (8.6 kB)
Collecting MarkupSafe>=2.0 (from jinja2->torch)
  Downloading markupsafe-3.0.3-cp314-cp314-manylinux2014_x86_64.manylinux_2_17_x86_64.manylinux_2_28_x86_64.whl.metadata (2.7 kB)
Downloading torch-2.9.1%2Brocm6.4-cp314-cp314-manylinux_2_28_x86_64.whl (4473.0 MB)
   ━━━━━━━━━━━━━━━━━━━━━━━━━━━━━━━━━━━━━━━━ 4.5/4.5 GB 20.1 MB/s  0:02:34
Downloading pytorch_triton_rocm-3.5.1-cp314-cp314-linux_x86_64.whl (274.5 MB)
   ━━━━━━━━━━━━━━━━━━━━━━━━━━━━━━━━━━━━━━━━ 274.5/274.5 MB 75.9 MB/s  0:00:03
Downloading torchvision-0.24.1%2Brocm6.4-cp314-cp314-manylinux_2_28_x86_64.whl (3.1 MB)
   ━━━━━━━━━━━━━━━━━━━━━━━━━━━━━━━━━━━━━━━━ 3.1/3.1 MB 105.1 MB/s  0:00:00
Downloading fsspec-2026.7.0-py3-none-any.whl (206 kB)
Downloading networkx-3.6.1-py3-none-any.whl (2.1 MB)
   ━━━━━━━━━━━━━━━━━━━━━━━━━━━━━━━━━━━━━━━━ 2.1/2.1 MB 20.6 MB/s  0:00:00
Downloading pillow-12.3.0-cp314-cp314-manylinux_2_27_x86_64.manylinux_2_28_x86_64.whl (6.9 MB)
   ━━━━━━━━━━━━━━━━━━━━━━━━━━━━━━━━━━━━━━━━ 6.9/6.9 MB 39.9 MB/s  0:00:00
Downloading sympy-1.14.0-py3-none-any.whl (6.3 MB)
   ━━━━━━━━━━━━━━━━━━━━━━━━━━━━━━━━━━━━━━━━ 6.3/6.3 MB 58.7 MB/s  0:00:00
Downloading mpmath-1.3.0-py3-none-any.whl (536 kB)
   ━━━━━━━━━━━━━━━━━━━━━━━━━━━━━━━━━━━━━━━━ 536.2/536.2 kB 59.6 MB/s  0:00:00
Downloading typing_extensions-4.16.0-py3-none-any.whl (45 kB)
Downloading filelock-3.32.3-py3-none-any.whl (98 kB)
Downloading jinja2-3.1.6-py3-none-any.whl (134 kB)
Downloading markupsafe-3.0.3-cp314-cp314-manylinux2014_x86_64.manylinux_2_17_x86_64.manylinux_2_28_x86_64.whl (23 kB)
Downloading numpy-2.5.2-cp314-cp314-manylinux_2_27_x86_64.manylinux_2_28_x86_64.whl (16.7 MB)
   ━━━━━━━━━━━━━━━━━━━━━━━━━━━━━━━━━━━━━━━━ 16.7/16.7 MB 48.7 MB/s  0:00:00
Downloading setuptools-78.1.0-py3-none-any.whl (1.3 MB)
   ━━━━━━━━━━━━━━━━━━━━━━━━━━━━━━━━━━━━━━━━ 1.3/1.3 MB 30.5 MB/s  0:00:00
Installing collected packages: mpmath, typing-extensions, sympy, setuptools, pytorch-triton-rocm, pillow, numpy, networkx, MarkupSafe, fsspec, filelock, jinja2, torch, torchvision
  Attempting uninstall: mpmath
    Found existing installation: mpmath 1.3.0
    Uninstalling mpmath-1.3.0:
      Successfully uninstalled mpmath-1.3.0
  Attempting uninstall: typing-extensions
    Found existing installation: typing_extensions 4.16.0
    Uninstalling typing_extensions-4.16.0:
      Successfully uninstalled typing_extensions-4.16.0
  Attempting uninstall: sympy
    Found existing installation: sympy 1.14.0
    Uninstalling sympy-1.14.0:
      Successfully uninstalled sympy-1.14.0
  Attempting uninstall: setuptools
    Found existing installation: setuptools 78.1.0
    Uninstalling setuptools-78.1.0:
      Successfully uninstalled setuptools-78.1.0
  Attempting uninstall: pillow
    Found existing installation: pillow 12.3.0
    Uninstalling pillow-12.3.0:
      Successfully uninstalled pillow-12.3.0
  Attempting uninstall: numpy
    Found existing installation: numpy 2.5.2
    Uninstalling numpy-2.5.2:
      Successfully uninstalled numpy-2.5.2
  Attempting uninstall: networkx
    Found existing installation: networkx 3.6.1
    Uninstalling networkx-3.6.1:
      Successfully uninstalled networkx-3.6.1
  Attempting uninstall: MarkupSafe
    Found existing installation: MarkupSafe 3.0.3
    Uninstalling MarkupSafe-3.0.3:
      Successfully uninstalled MarkupSafe-3.0.3
  Attempting uninstall: fsspec
    Found existing installation: fsspec 2026.7.0
    Uninstalling fsspec-2026.7.0:
      Successfully uninstalled fsspec-2026.7.0
  Attempting uninstall: filelock
    Found existing installation: filelock 3.32.3
    Uninstalling filelock-3.32.3:
      Successfully uninstalled filelock-3.32.3
  Attempting uninstall: jinja2
    Found existing installation: Jinja2 3.1.6
    Uninstalling Jinja2-3.1.6:
      Successfully uninstalled Jinja2-3.1.6
  Attempting uninstall: torch
    Found existing installation: torch 2.14.0+cpu
    Uninstalling torch-2.14.0+cpu:
      Successfully uninstalled torch-2.14.0+cpu
  Attempting uninstall: torchvision
    Found existing installation: torchvision 0.29.0+cpu
    Uninstalling torchvision-0.29.0+cpu:
      Successfully uninstalled torchvision-0.29.0+cpu

Successfully installed MarkupSafe-3.0.3 filelock-3.32.3 fsspec-2026.7.0 jinja2-3.1.6 mpmath-1.3.0 networkx-3.6.1 numpy-2.5.2 pillow-12.3.0 pytorch-triton-rocm-3.5.1 setuptools-78.1.0 sympy-1.14.0 torch-2.9.1+rocm6.4 torchvision-0.24.1+rocm6.4 typing-extensions-4.16.0
EXIT:0
