[2026-09-16T21:25:58-03:00] inicio setup venv311
[2026-09-16T21:26:23-03:00] baixando torch rocm6.2 (~2GB)...
Looking in indexes: https://download.pytorch.org/whl/rocm6.2
Collecting torch==2.5.1
  Downloading torch-2.5.1%2Brocm6.2-cp311-cp311-linux_x86_64.whl (3973.6 MB)
     ━━━━━━━━━━━━━━━━━━━━━━━━━━━━━━━━━━━━━━━━ 4.0/4.0 GB 18.2 MB/s  0:01:06
Collecting torchvision==0.20.1
  Downloading torchvision-0.20.1%2Brocm6.2-cp311-cp311-linux_x86_64.whl (2.6 MB)
     ━━━━━━━━━━━━━━━━━━━━━━━━━━━━━━━━━━━━━━━━ 2.6/2.6 MB 49.1 MB/s  0:00:00
Collecting torchaudio==2.5.1
  Downloading torchaudio-2.5.1%2Brocm6.2-cp311-cp311-linux_x86_64.whl (1.7 MB)
     ━━━━━━━━━━━━━━━━━━━━━━━━━━━━━━━━━━━━━━━━ 1.7/1.7 MB 43.5 MB/s  0:00:00
Collecting filelock (from torch==2.5.1)
  Using cached filelock-3.32.3-py3-none-any.whl.metadata (2.0 kB)
Collecting typing-extensions>=4.8.0 (from torch==2.5.1)
  Using cached typing_extensions-4.16.0-py3-none-any.whl.metadata (3.3 kB)
Collecting networkx (from torch==2.5.1)
  Using cached networkx-3.6.1-py3-none-any.whl.metadata (6.8 kB)
Collecting jinja2 (from torch==2.5.1)
  Using cached jinja2-3.1.6-py3-none-any.whl.metadata (2.9 kB)
Collecting fsspec (from torch==2.5.1)
  Using cached fsspec-2026.7.0-py3-none-any.whl.metadata (10 kB)
Collecting pytorch-triton-rocm==3.1.0 (from torch==2.5.1)
  Downloading pytorch_triton_rocm-3.1.0-cp311-cp311-linux_x86_64.whl (344.9 MB)
     ━━━━━━━━━━━━━━━━━━━━━━━━━━━━━━━━━━━━━━━━ 344.9/344.9 MB 57.0 MB/s  0:00:05
Collecting sympy==1.13.1 (from torch==2.5.1)
  Downloading sympy-1.13.1-py3-none-any.whl.metadata (12 kB)
Collecting numpy (from torchvision==0.20.1)
  Downloading numpy-2.4.6-cp311-cp311-manylinux_2_27_x86_64.manylinux_2_28_x86_64.whl.metadata (6.6 kB)
Collecting pillow!=8.3.*,>=5.3.0 (from torchvision==0.20.1)
  Downloading pillow-12.3.0-cp311-cp311-manylinux_2_27_x86_64.manylinux_2_28_x86_64.whl.metadata (9.1 kB)
Collecting mpmath<1.4,>=1.1.0 (from sympy==1.13.1->torch==2.5.1)
  Using cached mpmath-1.3.0-py3-none-any.whl.metadata (8.6 kB)
Collecting MarkupSafe>=2.0 (from jinja2->torch==2.5.1)
  Downloading markupsafe-3.0.3-cp311-cp311-manylinux2014_x86_64.manylinux_2_17_x86_64.manylinux_2_28_x86_64.whl.metadata (2.7 kB)
Downloading sympy-1.13.1-py3-none-any.whl (6.2 MB)
   ━━━━━━━━━━━━━━━━━━━━━━━━━━━━━━━━━━━━━━━━ 6.2/6.2 MB 67.1 MB/s  0:00:00
Using cached mpmath-1.3.0-py3-none-any.whl (536 kB)
Downloading pillow-12.3.0-cp311-cp311-manylinux_2_27_x86_64.manylinux_2_28_x86_64.whl (6.9 MB)
   ━━━━━━━━━━━━━━━━━━━━━━━━━━━━━━━━━━━━━━━━ 6.9/6.9 MB 61.4 MB/s  0:00:00
Using cached typing_extensions-4.16.0-py3-none-any.whl (45 kB)
Using cached filelock-3.32.3-py3-none-any.whl (98 kB)
Using cached fsspec-2026.7.0-py3-none-any.whl (206 kB)
Using cached jinja2-3.1.6-py3-none-any.whl (134 kB)
Downloading markupsafe-3.0.3-cp311-cp311-manylinux2014_x86_64.manylinux_2_17_x86_64.manylinux_2_28_x86_64.whl (22 kB)
Using cached networkx-3.6.1-py3-none-any.whl (2.1 MB)
Downloading numpy-2.4.6-cp311-cp311-manylinux_2_27_x86_64.manylinux_2_28_x86_64.whl (16.9 MB)
   ━━━━━━━━━━━━━━━━━━━━━━━━━━━━━━━━━━━━━━━━ 16.9/16.9 MB 81.6 MB/s  0:00:00
Installing collected packages: mpmath, typing-extensions, sympy, pillow, numpy, networkx, MarkupSafe, fsspec, filelock, pytorch-triton-rocm, jinja2, torch, torchvision, torchaudio

Successfully installed MarkupSafe-3.0.3 filelock-3.32.3 fsspec-2026.7.0 jinja2-3.1.6 mpmath-1.3.0 networkx-3.6.1 numpy-2.4.6 pillow-12.3.0 pytorch-triton-rocm-3.1.0 sympy-1.13.1 torch-2.5.1+rocm6.2 torchaudio-2.5.1+rocm6.2 torchvision-0.20.1+rocm6.2 typing-extensions-4.16.0
[2026-09-16T21:31:51-03:00] TORCH_ROCM_OK
Collecting comfyui-frontend-package==1.52.7 (from -r /tmp/req-comfy-notorch.txt (line 1))
  Using cached comfyui_frontend_package-1.52.7-py3-none-any.whl.metadata (117 bytes)
Collecting comfyui-workflow-templates==0.11.62 (from -r /tmp/req-comfy-notorch.txt (line 2))
  Using cached comfyui_workflow_templates-0.11.62-py3-none-any.whl.metadata (24 kB)
Collecting comfyui-embedded-docs==0.5.11 (from -r /tmp/req-comfy-notorch.txt (line 3))
  Using cached comfyui_embedded_docs-0.5.11-py3-none-any.whl.metadata (5.3 kB)
Requirement already satisfied: numpy>=1.25.0 in ./programas de apoio/fotografo/venv311/lib/python3.11/site-packages (from -r /tmp/req-comfy-notorch.txt (line 4)) (2.4.6)
Collecting einops (from -r /tmp/req-comfy-notorch.txt (line 5))
  Using cached einops-0.8.2-py3-none-any.whl.metadata (13 kB)
Collecting transformers>=4.50.3 (from -r /tmp/req-comfy-notorch.txt (line 6))
  Using cached transformers-5.17.0-py3-none-any.whl.metadata (32 kB)
Collecting tokenizers>=0.13.3 (from -r /tmp/req-comfy-notorch.txt (line 7))
  Using cached tokenizers-0.23.2-cp310-abi3-manylinux_2_17_x86_64.manylinux2014_x86_64.whl.metadata (9.8 kB)
Collecting sentencepiece (from -r /tmp/req-comfy-notorch.txt (line 8))
  Downloading sentencepiece-0.2.2-cp311-cp311-manylinux_2_27_x86_64.manylinux_2_28_x86_64.whl.metadata (33 kB)
Collecting safetensors>=0.4.2 (from -r /tmp/req-comfy-notorch.txt (line 9))
  Using cached safetensors-0.8.0-cp310-abi3-manylinux_2_17_x86_64.manylinux2014_x86_64.whl.metadata (4.2 kB)
Collecting aiohttp>=3.11.8 (from -r /tmp/req-comfy-notorch.txt (line 10))
  Downloading aiohttp-3.14.3-cp311-cp311-manylinux2014_x86_64.manylinux_2_17_x86_64.manylinux_2_28_x86_64.whl.metadata (8.3 kB)
Collecting yarl>=1.18.0 (from -r /tmp/req-comfy-notorch.txt (line 11))
  Downloading yarl-1.25.1-cp311-cp311-manylinux2014_x86_64.manylinux_2_17_x86_64.manylinux_2_28_x86_64.whl.metadata (111 kB)
Collecting pyyaml (from -r /tmp/req-comfy-notorch.txt (line 12))
  Downloading pyyaml-6.0.3-cp311-cp311-manylinux2014_x86_64.manylinux_2_17_x86_64.manylinux_2_28_x86_64.whl.metadata (2.4 kB)
Requirement already satisfied: Pillow in ./programas de apoio/fotografo/venv311/lib/python3.11/site-packages (from -r /tmp/req-comfy-notorch.txt (line 13)) (12.3.0)
Collecting scipy (from -r /tmp/req-comfy-notorch.txt (line 14))
  Downloading scipy-1.17.1-cp311-cp311-manylinux_2_27_x86_64.manylinux_2_28_x86_64.whl.metadata (62 kB)
Collecting tqdm (from -r /tmp/req-comfy-notorch.txt (line 15))
  Using cached tqdm-4.70.1-py3-none-any.whl.metadata (57 kB)
Collecting psutil (from -r /tmp/req-comfy-notorch.txt (line 16))
  Using cached psutil-7.2.2-cp36-abi3-manylinux2010_x86_64.manylinux_2_12_x86_64.manylinux_2_28_x86_64.whl.metadata (22 kB)
Collecting alembic (from -r /tmp/req-comfy-notorch.txt (line 17))
  Using cached alembic-1.20.0-py3-none-any.whl.metadata (7.3 kB)
Collecting SQLAlchemy>=2.0.0 (from -r /tmp/req-comfy-notorch.txt (line 18))
  Downloading sqlalchemy-2.0.54-cp311-cp311-manylinux2014_x86_64.manylinux_2_17_x86_64.manylinux_2_28_x86_64.whl.metadata (9.7 kB)
Requirement already satisfied: filelock in ./programas de apoio/fotografo/venv311/lib/python3.11/site-packages (from -r /tmp/req-comfy-notorch.txt (line 19)) (3.32.3)
Collecting av>=17.0.0 (from -r /tmp/req-comfy-notorch.txt (line 20))
  Using cached av-18.1.0-cp311-abi3-manylinux_2_28_x86_64.whl.metadata (5.0 kB)
Collecting comfy-kitchen==0.2.34 (from -r /tmp/req-comfy-notorch.txt (line 21))
  Downloading comfy_kitchen-0.2.34-cp311-cp311-manylinux_2_27_x86_64.manylinux_2_28_x86_64.whl.metadata (15 kB)
Collecting comfy-aimdo==0.5.5 (from -r /tmp/req-comfy-notorch.txt (line 22))
  Using cached comfy_aimdo-0.5.5-cp39-abi3-manylinux2014_x86_64.manylinux_2_17_x86_64.whl.metadata (4.4 kB)
Collecting requests (from -r /tmp/req-comfy-notorch.txt (line 23))
  Using cached requests-2.34.2-py3-none-any.whl.metadata (4.8 kB)
Collecting simpleeval>=1.0.0 (from -r /tmp/req-comfy-notorch.txt (line 24))
  Using cached simpleeval-1.0.8-py3-none-any.whl.metadata (20 kB)
Collecting blake3 (from -r /tmp/req-comfy-notorch.txt (line 25))
  Downloading blake3-1.0.9-cp311-cp311-manylinux_2_17_x86_64.manylinux2014_x86_64.whl.metadata (4.9 kB)
Collecting kornia>=0.7.1 (from -r /tmp/req-comfy-notorch.txt (line 28))
  Using cached kornia-0.8.3-py3-none-any.whl.metadata (22 kB)
Collecting spandrel (from -r /tmp/req-comfy-notorch.txt (line 29))
  Using cached spandrel-0.4.2-py3-none-any.whl.metadata (15 kB)
Collecting pydantic~=2.0 (from -r /tmp/req-comfy-notorch.txt (line 30))
  Using cached pydantic-2.13.5-py3-none-any.whl.metadata (110 kB)
Collecting pydantic-settings~=2.0 (from -r /tmp/req-comfy-notorch.txt (line 31))
  Using cached pydantic_settings-2.15.0-py3-none-any.whl.metadata (3.9 kB)
Collecting PyOpenGL>=3.1.8 (from -r /tmp/req-comfy-notorch.txt (line 32))
  Using cached pyopengl-3.1.10-py3-none-any.whl.metadata (3.3 kB)
Collecting comfy-angle (from -r /tmp/req-comfy-notorch.txt (line 33))
  Using cached comfy_angle-0.1.1-py3-none-manylinux_2_28_x86_64.whl.metadata (2.2 kB)
Collecting comfyui-workflow-templates-core==0.3.350 (from comfyui-workflow-templates==0.11.62->-r /tmp/req-comfy-notorch.txt (line 2))
  Using cached comfyui_workflow_templates_core-0.3.350-py3-none-any.whl.metadata (260 bytes)
Collecting comfyui-workflow-templates-json==0.1.85 (from comfyui-workflow-templates==0.11.62->-r /tmp/req-comfy-notorch.txt (line 2))
  Using cached comfyui_workflow_templates_json-0.1.85-py3-none-any.whl.metadata (265 bytes)
Collecting comfyui-workflow-templates-media-api==0.3.84 (from comfyui-workflow-templates==0.11.62->-r /tmp/req-comfy-notorch.txt (line 2))
  Using cached comfyui_workflow_templates_media_api-0.3.84-py3-none-any.whl.metadata (290 bytes)
Collecting comfyui-workflow-templates-media-video==0.3.101 (from comfyui-workflow-templates==0.11.62->-r /tmp/req-comfy-notorch.txt (line 2))
  Using cached comfyui_workflow_templates_media_video-0.3.101-py3-none-any.whl.metadata (283 bytes)
Collecting comfyui-workflow-templates-media-image==0.3.160 (from comfyui-workflow-templates==0.11.62->-r /tmp/req-comfy-notorch.txt (line 2))
  Using cached comfyui_workflow_templates_media_image-0.3.160-py3-none-any.whl.metadata (283 bytes)
Collecting comfyui-workflow-templates-media-other==0.3.229 (from comfyui-workflow-templates==0.11.62->-r /tmp/req-comfy-notorch.txt (line 2))
  Using cached comfyui_workflow_templates_media_other-0.3.229-py3-none-any.whl.metadata (306 bytes)
Collecting comfyui-workflow-templates-media-assets-01==0.1.46 (from comfyui-workflow-templates==0.11.62->-r /tmp/req-comfy-notorch.txt (line 2))
  Using cached comfyui_workflow_templates_media_assets_01-0.1.46-py3-none-any.whl.metadata (290 bytes)
Collecting annotated-types>=0.6.0 (from pydantic~=2.0->-r /tmp/req-comfy-notorch.txt (line 30))
  Using cached annotated_types-0.8.0-py3-none-any.whl.metadata (15 kB)
Collecting pydantic-core==2.46.5 (from pydantic~=2.0->-r /tmp/req-comfy-notorch.txt (line 30))
  Downloading pydantic_core-2.46.5-cp311-cp311-manylinux_2_17_x86_64.manylinux2014_x86_64.whl.metadata (6.6 kB)
Requirement already satisfied: typing-extensions>=4.14.1 in ./programas de apoio/fotografo/venv311/lib/python3.11/site-packages (from pydantic~=2.0->-r /tmp/req-comfy-notorch.txt (line 30)) (4.16.0)
Collecting typing-inspection>=0.4.2 (from pydantic~=2.0->-r /tmp/req-comfy-notorch.txt (line 30))
  Using cached typing_inspection-0.4.4-py3-none-any.whl.metadata (2.6 kB)
Collecting python-dotenv>=0.21.0 (from pydantic-settings~=2.0->-r /tmp/req-comfy-notorch.txt (line 31))
  Using cached python_dotenv-1.2.3-py3-none-any.whl.metadata (29 kB)
Collecting huggingface-hub<2.0,>=1.5.0 (from transformers>=4.50.3->-r /tmp/req-comfy-notorch.txt (line 6))
  Using cached huggingface_hub-1.31.0-py3-none-any.whl.metadata (16 kB)
Collecting packaging>=20.0 (from transformers>=4.50.3->-r /tmp/req-comfy-notorch.txt (line 6))
  Using cached packaging-26.3-py3-none-any.whl.metadata (3.5 kB)
Collecting regex>=2025.10.22 (from transformers>=4.50.3->-r /tmp/req-comfy-notorch.txt (line 6))
  Downloading regex-2026.9.10-cp311-cp311-manylinux2014_x86_64.manylinux_2_17_x86_64.manylinux_2_28_x86_64.whl.metadata (40 kB)
Collecting typer (from transformers>=4.50.3->-r /tmp/req-comfy-notorch.txt (line 6))
  Using cached typer-0.27.2-py3-none-any.whl.metadata (16 kB)
Collecting click<9.0.0,>=8.4.2 (from huggingface-hub<2.0,>=1.5.0->transformers>=4.50.3->-r /tmp/req-comfy-notorch.txt (line 6))
  Using cached click-8.5.0-py3-none-any.whl.metadata (2.6 kB)
Requirement already satisfied: fsspec>=2023.5.0 in ./programas de apoio/fotografo/venv311/lib/python3.11/site-packages (from huggingface-hub<2.0,>=1.5.0->transformers>=4.50.3->-r /tmp/req-comfy-notorch.txt (line 6)) (2026.7.0)
Collecting hf-xet<2.0.0,>=1.5.2 (from huggingface-hub<2.0,>=1.5.0->transformers>=4.50.3->-r /tmp/req-comfy-notorch.txt (line 6))
  Using cached hf_xet-1.6.0-cp38-abi3-manylinux2014_x86_64.manylinux_2_17_x86_64.whl.metadata (4.9 kB)
Collecting httpx<1,>=0.23.0 (from huggingface-hub<2.0,>=1.5.0->transformers>=4.50.3->-r /tmp/req-comfy-notorch.txt (line 6))
  Using cached httpx-0.28.1-py3-none-any.whl.metadata (7.1 kB)
Collecting anyio (from httpx<1,>=0.23.0->huggingface-hub<2.0,>=1.5.0->transformers>=4.50.3->-r /tmp/req-comfy-notorch.txt (line 6))
  Using cached anyio-4.15.1-py3-none-any.whl.metadata (4.7 kB)
Collecting certifi (from httpx<1,>=0.23.0->huggingface-hub<2.0,>=1.5.0->transformers>=4.50.3->-r /tmp/req-comfy-notorch.txt (line 6))
  Using cached certifi-2026.7.22-py3-none-any.whl.metadata (2.5 kB)
Collecting httpcore==1.* (from httpx<1,>=0.23.0->huggingface-hub<2.0,>=1.5.0->transformers>=4.50.3->-r /tmp/req-comfy-notorch.txt (line 6))
  Using cached httpcore-1.0.9-py3-none-any.whl.metadata (21 kB)
Collecting idna (from httpx<1,>=0.23.0->huggingface-hub<2.0,>=1.5.0->transformers>=4.50.3->-r /tmp/req-comfy-notorch.txt (line 6))
  Using cached idna-3.19-py3-none-any.whl.metadata (9.2 kB)
Collecting h11>=0.16 (from httpcore==1.*->httpx<1,>=0.23.0->huggingface-hub<2.0,>=1.5.0->transformers>=4.50.3->-r /tmp/req-comfy-notorch.txt (line 6))
  Using cached h11-0.16.0-py3-none-any.whl.metadata (8.3 kB)
Collecting aiohappyeyeballs>=2.5.0 (from aiohttp>=3.11.8->-r /tmp/req-comfy-notorch.txt (line 10))
  Using cached aiohappyeyeballs-2.7.1-py3-none-any.whl.metadata (5.9 kB)
Collecting aiosignal>=1.4.0 (from aiohttp>=3.11.8->-r /tmp/req-comfy-notorch.txt (line 10))
  Using cached aiosignal-1.4.0-py3-none-any.whl.metadata (3.7 kB)
Collecting attrs>=17.3.0 (from aiohttp>=3.11.8->-r /tmp/req-comfy-notorch.txt (line 10))
  Using cached attrs-26.1.0-py3-none-any.whl.metadata (8.8 kB)
Collecting frozenlist>=1.1.1 (from aiohttp>=3.11.8->-r /tmp/req-comfy-notorch.txt (line 10))
  Downloading frozenlist-1.8.0-cp311-cp311-manylinux1_x86_64.manylinux_2_28_x86_64.manylinux_2_5_x86_64.whl.metadata (20 kB)
Collecting multidict<7.0,>=4.5 (from aiohttp>=3.11.8->-r /tmp/req-comfy-notorch.txt (line 10))
  Downloading multidict-6.8.0-cp311-cp311-manylinux2014_x86_64.manylinux_2_17_x86_64.manylinux_2_28_x86_64.whl.metadata (5.3 kB)
Collecting propcache>=0.2.0 (from aiohttp>=3.11.8->-r /tmp/req-comfy-notorch.txt (line 10))
  Downloading propcache-0.5.4-cp311-cp311-manylinux2014_x86_64.manylinux_2_17_x86_64.manylinux_2_28_x86_64.whl.metadata (25 kB)
Collecting Mako (from alembic->-r /tmp/req-comfy-notorch.txt (line 17))
  Using cached mako-1.4.1-py3-none-any.whl.metadata (2.9 kB)
Collecting greenlet>=1 (from SQLAlchemy>=2.0.0->-r /tmp/req-comfy-notorch.txt (line 18))
  Downloading greenlet-3.5.6-cp311-cp311-manylinux_2_24_x86_64.manylinux_2_28_x86_64.whl.metadata (3.8 kB)
Collecting charset_normalizer<4,>=2 (from requests->-r /tmp/req-comfy-notorch.txt (line 23))
  Downloading charset_normalizer-3.5.1-cp311-cp311-manylinux2014_x86_64.manylinux_2_17_x86_64.manylinux_2_28_x86_64.whl.metadata (45 kB)
Collecting urllib3<3,>=1.26 (from requests->-r /tmp/req-comfy-notorch.txt (line 23))
  Using cached urllib3-2.8.0-py3-none-any.whl.metadata (7.4 kB)
Collecting kornia-rs>=0.1.9 (from kornia>=0.7.1->-r /tmp/req-comfy-notorch.txt (line 28))
  Downloading kornia_rs-0.1.14-cp311-cp311-manylinux_2_17_x86_64.manylinux2014_x86_64.whl.metadata (15 kB)
Requirement already satisfied: torch>=2.0.0 in ./programas de apoio/fotografo/venv311/lib/python3.11/site-packages (from kornia>=0.7.1->-r /tmp/req-comfy-notorch.txt (line 28)) (2.5.1+rocm6.2)
Requirement already satisfied: torchvision in ./programas de apoio/fotografo/venv311/lib/python3.11/site-packages (from spandrel->-r /tmp/req-comfy-notorch.txt (line 29)) (0.20.1+rocm6.2)
Requirement already satisfied: networkx in ./programas de apoio/fotografo/venv311/lib/python3.11/site-packages (from torch>=2.0.0->kornia>=0.7.1->-r /tmp/req-comfy-notorch.txt (line 28)) (3.6.1)
Requirement already satisfied: jinja2 in ./programas de apoio/fotografo/venv311/lib/python3.11/site-packages (from torch>=2.0.0->kornia>=0.7.1->-r /tmp/req-comfy-notorch.txt (line 28)) (3.1.6)
Requirement already satisfied: pytorch-triton-rocm==3.1.0 in ./programas de apoio/fotografo/venv311/lib/python3.11/site-packages (from torch>=2.0.0->kornia>=0.7.1->-r /tmp/req-comfy-notorch.txt (line 28)) (3.1.0)
Requirement already satisfied: sympy==1.13.1 in ./programas de apoio/fotografo/venv311/lib/python3.11/site-packages (from torch>=2.0.0->kornia>=0.7.1->-r /tmp/req-comfy-notorch.txt (line 28)) (1.13.1)
Requirement already satisfied: mpmath<1.4,>=1.1.0 in ./programas de apoio/fotografo/venv311/lib/python3.11/site-packages (from sympy==1.13.1->torch>=2.0.0->kornia>=0.7.1->-r /tmp/req-comfy-notorch.txt (line 28)) (1.3.0)
Requirement already satisfied: MarkupSafe>=2.0 in ./programas de apoio/fotografo/venv311/lib/python3.11/site-packages (from jinja2->torch>=2.0.0->kornia>=0.7.1->-r /tmp/req-comfy-notorch.txt (line 28)) (3.0.3)
Collecting shellingham>=1.3.0 (from typer->transformers>=4.50.3->-r /tmp/req-comfy-notorch.txt (line 6))
  Using cached shellingham-1.5.4-py2.py3-none-any.whl.metadata (3.5 kB)
Collecting rich>=13.8.0 (from typer->transformers>=4.50.3->-r /tmp/req-comfy-notorch.txt (line 6))
  Using cached rich-15.0.0-py3-none-any.whl.metadata (18 kB)
Collecting annotated-doc>=0.0.2 (from typer->transformers>=4.50.3->-r /tmp/req-comfy-notorch.txt (line 6))
  Using cached annotated_doc-0.0.5-py3-none-any.whl.metadata (6.5 kB)
Collecting markdown-it-py>=2.2.0 (from rich>=13.8.0->typer->transformers>=4.50.3->-r /tmp/req-comfy-notorch.txt (line 6))
  Using cached markdown_it_py-4.2.0-py3-none-any.whl.metadata (7.4 kB)
Collecting pygments<3.0.0,>=2.13.0 (from rich>=13.8.0->typer->transformers>=4.50.3->-r /tmp/req-comfy-notorch.txt (line 6))
  Using cached pygments-2.21.0-py3-none-any.whl.metadata (2.5 kB)
Collecting mdurl~=0.1 (from markdown-it-py>=2.2.0->rich>=13.8.0->typer->transformers>=4.50.3->-r /tmp/req-comfy-notorch.txt (line 6))
  Using cached mdurl-0.1.2-py3-none-any.whl.metadata (1.6 kB)
Using cached comfyui_frontend_package-1.52.7-py3-none-any.whl (24.2 MB)
Using cached comfyui_workflow_templates-0.11.62-py3-none-any.whl (10 kB)
Using cached comfyui_embedded_docs-0.5.11-py3-none-any.whl (17.8 MB)
Downloading comfy_kitchen-0.2.34-cp311-cp311-manylinux_2_27_x86_64.manylinux_2_28_x86_64.whl (44.2 MB)
   ━━━━━━━━━━━━━━━━━━━━━━━━━━━━━━━━━━━━━━━━ 44.2/44.2 MB 3.5 MB/s  0:00:12
Using cached comfy_aimdo-0.5.5-cp39-abi3-manylinux2014_x86_64.manylinux_2_17_x86_64.whl (432 kB)
Using cached comfyui_workflow_templates_core-0.3.350-py3-none-any.whl (75 kB)
Using cached comfyui_workflow_templates_json-0.1.85-py3-none-any.whl (3.5 MB)
Using cached comfyui_workflow_templates_media_api-0.3.84-py3-none-any.whl (100.1 MB)
Using cached comfyui_workflow_templates_media_assets_01-0.1.46-py3-none-any.whl (94.2 MB)
Using cached comfyui_workflow_templates_media_image-0.3.160-py3-none-any.whl (89.4 MB)
Using cached comfyui_workflow_templates_media_other-0.3.229-py3-none-any.whl (89.1 MB)
Using cached comfyui_workflow_templates_media_video-0.3.101-py3-none-any.whl (104.3 MB)
Using cached pydantic-2.13.5-py3-none-any.whl (472 kB)
Downloading pydantic_core-2.46.5-cp311-cp311-manylinux_2_17_x86_64.manylinux2014_x86_64.whl (2.1 MB)
   ━━━━━━━━━━━━━━━━━━━━━━━━━━━━━━━━━━━━━━━━ 2.1/2.1 MB 1.8 MB/s  0:00:01
Using cached pydantic_settings-2.15.0-py3-none-any.whl (69 kB)
Using cached einops-0.8.2-py3-none-any.whl (65 kB)
Using cached transformers-5.17.0-py3-none-any.whl (12.3 MB)
Using cached tokenizers-0.23.2-cp310-abi3-manylinux_2_17_x86_64.manylinux2014_x86_64.whl (3.4 MB)
Using cached huggingface_hub-1.31.0-py3-none-any.whl (798 kB)
Using cached click-8.5.0-py3-none-any.whl (125 kB)
Using cached hf_xet-1.6.0-cp38-abi3-manylinux2014_x86_64.manylinux_2_17_x86_64.whl (4.5 MB)
Using cached httpx-0.28.1-py3-none-any.whl (73 kB)
Using cached httpcore-1.0.9-py3-none-any.whl (78 kB)
Downloading sentencepiece-0.2.2-cp311-cp311-manylinux_2_27_x86_64.manylinux_2_28_x86_64.whl (1.4 MB)
   ━━━━━━━━━━━━━━━━━━━━━━━━━━━━━━━━━━━━━━━━ 1.4/1.4 MB 2.6 MB/s  0:00:00
Using cached safetensors-0.8.0-cp310-abi3-manylinux_2_17_x86_64.manylinux2014_x86_64.whl (516 kB)
Downloading aiohttp-3.14.3-cp311-cp311-manylinux2014_x86_64.manylinux_2_17_x86_64.manylinux_2_28_x86_64.whl (1.8 MB)
   ━━━━━━━━━━━━━━━━━━━━━━━━━━━━━━━━━━━━━━━━ 1.8/1.8 MB 1.9 MB/s  0:00:00
Downloading yarl-1.25.1-cp311-cp311-manylinux2014_x86_64.manylinux_2_17_x86_64.manylinux_2_28_x86_64.whl (117 kB)
Downloading multidict-6.8.0-cp311-cp311-manylinux2014_x86_64.manylinux_2_17_x86_64.manylinux_2_28_x86_64.whl (272 kB)
Downloading pyyaml-6.0.3-cp311-cp311-manylinux2014_x86_64.manylinux_2_17_x86_64.manylinux_2_28_x86_64.whl (806 kB)
   ━━━━━━━━━━━━━━━━━━━━━━━━━━━━━━━━━━━━━━━━ 806.6/806.6 kB 1.8 MB/s  0:00:00
Downloading scipy-1.17.1-cp311-cp311-manylinux_2_27_x86_64.manylinux_2_28_x86_64.whl (35.3 MB)
   ━━━━━━━━━━━━━━━━━━━━━━━━━━━━━━━━━━━━━━━━ 35.3/35.3 MB 3.4 MB/s  0:00:10
Using cached tqdm-4.70.1-py3-none-any.whl (80 kB)
Using cached psutil-7.2.2-cp36-abi3-manylinux2010_x86_64.manylinux_2_12_x86_64.manylinux_2_28_x86_64.whl (155 kB)
Using cached alembic-1.20.0-py3-none-any.whl (268 kB)
Downloading sqlalchemy-2.0.54-cp311-cp311-manylinux2014_x86_64.manylinux_2_17_x86_64.manylinux_2_28_x86_64.whl (3.4 MB)
   ━━━━━━━━━━━━━━━━━━━━━━━━━━━━━━━━━━━━━━━━ 3.4/3.4 MB 2.6 MB/s  0:00:01
Using cached av-18.1.0-cp311-abi3-manylinux_2_28_x86_64.whl (35.8 MB)
Using cached requests-2.34.2-py3-none-any.whl (73 kB)
Downloading charset_normalizer-3.5.1-cp311-cp311-manylinux2014_x86_64.manylinux_2_17_x86_64.manylinux_2_28_x86_64.whl (262 kB)
Using cached idna-3.19-py3-none-any.whl (68 kB)
Using cached urllib3-2.8.0-py3-none-any.whl (135 kB)
Using cached simpleeval-1.0.8-py3-none-any.whl (18 kB)
Downloading blake3-1.0.9-cp311-cp311-manylinux_2_17_x86_64.manylinux2014_x86_64.whl (387 kB)
Using cached kornia-0.8.3-py3-none-any.whl (1.2 MB)
Using cached spandrel-0.4.2-py3-none-any.whl (320 kB)
Using cached pyopengl-3.1.10-py3-none-any.whl (3.2 MB)
Using cached comfy_angle-0.1.1-py3-none-manylinux_2_28_x86_64.whl (5.1 MB)
Using cached aiohappyeyeballs-2.7.1-py3-none-any.whl (15 kB)
Using cached aiosignal-1.4.0-py3-none-any.whl (7.5 kB)
Using cached annotated_types-0.8.0-py3-none-any.whl (13 kB)
Using cached attrs-26.1.0-py3-none-any.whl (67 kB)
Using cached certifi-2026.7.22-py3-none-any.whl (136 kB)
Downloading frozenlist-1.8.0-cp311-cp311-manylinux1_x86_64.manylinux_2_28_x86_64.manylinux_2_5_x86_64.whl (231 kB)
Downloading greenlet-3.5.6-cp311-cp311-manylinux_2_24_x86_64.manylinux_2_28_x86_64.whl (624 kB)
   ━━━━━━━━━━━━━━━━━━━━━━━━━━━━━━━━━━━━━━━━ 624.4/624.4 kB 4.6 MB/s  0:00:00
Using cached h11-0.16.0-py3-none-any.whl (37 kB)
Downloading kornia_rs-0.1.14-cp311-cp311-manylinux_2_17_x86_64.manylinux2014_x86_64.whl (3.7 MB)
   ━━━━━━━━━━━━━━━━━━━━━━━━━━━━━━━━━━━━━━━━ 3.7/3.7 MB 1.5 MB/s  0:00:02
Using cached packaging-26.3-py3-none-any.whl (129 kB)
Downloading propcache-0.5.4-cp311-cp311-manylinux2014_x86_64.manylinux_2_17_x86_64.manylinux_2_28_x86_64.whl (235 kB)
Using cached python_dotenv-1.2.3-py3-none-any.whl (22 kB)
Downloading regex-2026.9.10-cp311-cp311-manylinux2014_x86_64.manylinux_2_17_x86_64.manylinux_2_28_x86_64.whl (802 kB)
   ━━━━━━━━━━━━━━━━━━━━━━━━━━━━━━━━━━━━━━━━ 803.0/803.0 kB 1.7 MB/s  0:00:00
Using cached typing_inspection-0.4.4-py3-none-any.whl (14 kB)
Using cached anyio-4.15.1-py3-none-any.whl (132 kB)
Using cached mako-1.4.1-py3-none-any.whl (80 kB)
Using cached typer-0.27.2-py3-none-any.whl (123 kB)
Using cached annotated_doc-0.0.5-py3-none-any.whl (5.3 kB)
Using cached rich-15.0.0-py3-none-any.whl (310 kB)
Using cached pygments-2.21.0-py3-none-any.whl (1.3 MB)
Using cached markdown_it_py-4.2.0-py3-none-any.whl (91 kB)
Using cached mdurl-0.1.2-py3-none-any.whl (10.0 kB)
Using cached shellingham-1.5.4-py2.py3-none-any.whl (9.8 kB)
Installing collected packages: PyOpenGL, urllib3, typing-inspection, tqdm, simpleeval, shellingham, sentencepiece, scipy, safetensors, regex, pyyaml, python-dotenv, pygments, pydantic-core, psutil, propcache, packaging, multidict, mdurl, Mako, kornia-rs, idna, hf-xet, h11, greenlet, frozenlist, einops, comfyui-workflow-templates-media-video, comfyui-workflow-templates-media-other, comfyui-workflow-templates-media-image, comfyui-workflow-templates-media-assets-01, comfyui-workflow-templates-media-api, comfyui-workflow-templates-json, comfyui-workflow-templates-core, comfyui-frontend-package, comfyui-embedded-docs, comfy-kitchen, comfy-angle, comfy-aimdo, click, charset_normalizer, certifi, blake3, av, attrs, annotated-types, annotated-doc, aiohappyeyeballs, yarl, SQLAlchemy, requests, pydantic, markdown-it-py, httpcore, comfyui-workflow-templates, anyio, aiosignal, rich, pydantic-settings, kornia, httpx, alembic, aiohttp, typer, spandrel, huggingface-hub, tokenizers, transformers

Successfully installed Mako-1.4.1 PyOpenGL-3.1.10 SQLAlchemy-2.0.54 aiohappyeyeballs-2.7.1 aiohttp-3.14.3 aiosignal-1.4.0 alembic-1.20.0 annotated-doc-0.0.5 annotated-types-0.8.0 anyio-4.15.1 attrs-26.1.0 av-18.1.0 blake3-1.0.9 certifi-2026.7.22 charset_normalizer-3.5.1 click-8.5.0 comfy-aimdo-0.5.5 comfy-angle-0.1.1 comfy-kitchen-0.2.34 comfyui-embedded-docs-0.5.11 comfyui-frontend-package-1.52.7 comfyui-workflow-templates-0.11.62 comfyui-workflow-templates-core-0.3.350 comfyui-workflow-templates-json-0.1.85 comfyui-workflow-templates-media-api-0.3.84 comfyui-workflow-templates-media-assets-01-0.1.46 comfyui-workflow-templates-media-image-0.3.160 comfyui-workflow-templates-media-other-0.3.229 comfyui-workflow-templates-media-video-0.3.101 einops-0.8.2 frozenlist-1.8.0 greenlet-3.5.6 h11-0.16.0 hf-xet-1.6.0 httpcore-1.0.9 httpx-0.28.1 huggingface-hub-1.31.0 idna-3.19 kornia-0.8.3 kornia-rs-0.1.14 markdown-it-py-4.2.0 mdurl-0.1.2 multidict-6.8.0 packaging-26.3 propcache-0.5.4 psutil-7.2.2 pydantic-2.13.5 pydantic-core-2.46.5 pydantic-settings-2.15.0 pygments-2.21.0 python-dotenv-1.2.3 pyyaml-6.0.3 regex-2026.9.10 requests-2.34.2 rich-15.0.0 safetensors-0.8.0 scipy-1.17.1 sentencepiece-0.2.2 shellingham-1.5.4 simpleeval-1.0.8 spandrel-0.4.2 tokenizers-0.23.2 tqdm-4.70.1 transformers-5.17.0 typer-0.27.2 typing-inspection-0.4.4 urllib3-2.8.0 yarl-1.25.1
[2026-09-16T21:33:17-03:00] REQS_OK
Traceback (most recent call last):
  File "<string>", line 1, in <module>
RuntimeError: HIP error: invalid device function
HIP kernel errors might be asynchronously reported at some other API call, so the stacktrace below might be incorrect.
For debugging consider passing AMD_SERIALIZE_KERNEL=3
Compile with `TORCH_USE_HIP_DSA` to enable device-side assertions.

[2026-09-16T21:33:29-03:00] FALHA matmul
[2026-09-16T21:33:29-03:00] fim
