[2026-07-17 07:07:28] === Auto-Sync iniciado ===
[2026-07-17 07:07:28] Origem: /mnt/win2/textos, pdf e esquemas
[2026-07-17 07:07:28] Destino: /mnt/dados/cerebro com IA/textos, pdf e esquemas
[2026-07-17 07:07:28] State inicial: 471 arquivos
[2026-07-17 07:08:00] 🆕 Novo arquivo detectado: TESTE_AUTO_SYNC.txt
[2026-07-17 07:08:00] 📎 Copiado: TESTE_AUTO_SYNC.txt
[2026-07-17 07:08:00] 📝 TXT→MD: TESTE_AUTO_SYNC.md
[2026-07-17 08:08:03] === Auto-Sync iniciado ===
[2026-07-17 08:08:03] Origem: /mnt/win2/textos, pdf e esquemas
[2026-07-17 08:08:03] Destino: /mnt/dados/cerebro com IA/textos, pdf e esquemas
[2026-07-17 08:08:05] State inicial: 471 arquivos
[2026-07-17 12:43:16] === Auto-Sync iniciado ===
[2026-07-17 12:43:16] Origem: /mnt/win2/textos, pdf e esquemas
[2026-07-17 12:43:16] Destino: /mnt/dados/cerebro com IA/textos, pdf e esquemas
[2026-07-17 12:43:18] State inicial: 471 arquivos
[2026-07-17 22:57:23] === Auto-Sync iniciado ===
[2026-07-17 22:57:23] Origem: /mnt/win2/textos, pdf e esquemas
[2026-07-17 22:57:23] Destino: /mnt/dados/cerebro com IA/textos, pdf e esquemas
[2026-07-17 22:57:25] State inicial: 471 arquivos
[2026-07-19 14:41:42] === Auto-Sync iniciado ===
[2026-07-19 14:41:42] Origem: /mnt/win2/textos, pdf e esquemas
[2026-07-19 14:41:42] Destino: /mnt/dados/cerebro com IA/textos, pdf e esquemas
[2026-07-19 14:41:43] State inicial: 471 arquivos
[2026-07-19 14:56:40] === Auto-Sync iniciado ===
[2026-07-19 14:56:40] Origem: /mnt/win2/textos, pdf e esquemas
[2026-07-19 14:56:40] Destino: /mnt/dados/cerebro com IA/textos, pdf e esquemas
[2026-07-19 14:56:42] State inicial: 471 arquivos
[2026-07-19 15:07:22] === Auto-Sync iniciado ===
[2026-07-19 15:07:22] Origem: /mnt/win2/textos, pdf e esquemas
[2026-07-19 15:07:22] Destino: /mnt/dados/cerebro com IA/textos, pdf e esquemas
[2026-07-19 15:07:24] State inicial: 471 arquivos
[2026-07-20 21:10:50] === Auto-Sync iniciado ===
[2026-07-20 21:10:50] Origem: /mnt/win2/textos, pdf e esquemas
[2026-07-20 21:10:50] Destino: /mnt/dados/cerebro com IA/textos, pdf e esquemas
[2026-07-20 21:10:52] State inicial: 471 arquivos
[2026-07-20 21:29:55] === Auto-Sync iniciado ===
[2026-07-20 21:29:55] Origem: /mnt/win2/textos, pdf e esquemas
[2026-07-20 21:29:55] Destino: /mnt/dados/cerebro com IA/textos, pdf e esquemas
[2026-07-20 21:29:57] State inicial: 471 arquivos
[2026-07-20 21:35:17] === Auto-Sync iniciado ===
[2026-07-20 21:35:17] Origem: /mnt/win2/textos, pdf e esquemas
[2026-07-20 21:35:17] Destino: /mnt/dados/cerebro com IA/textos, pdf e esquemas
[2026-07-20 21:35:18] State inicial: 471 arquivos
[2026-07-20 21:38:38] === Auto-Sync iniciado ===
[2026-07-20 21:38:38] Origem: /mnt/win2/textos, pdf e esquemas
[2026-07-20 21:38:38] Destino: /mnt/dados/cerebro com IA/textos, pdf e esquemas
[2026-07-20 21:38:39] State inicial: 471 arquivos
[2026-07-20 21:57:04] === Auto-Sync iniciado ===
[2026-07-20 21:57:04] Origem: /mnt/win2/textos, pdf e esquemas
[2026-07-20 21:57:04] Destino: /mnt/dados/cerebro com IA/textos, pdf e esquemas
[2026-07-20 21:57:06] State inicial: 471 arquivos
[2026-07-20 22:03:03] === Auto-Sync iniciado ===
[2026-07-20 22:03:03] Origem: /mnt/win2/textos, pdf e esquemas
[2026-07-20 22:03:03] Destino: /mnt/dados/cerebro com IA/textos, pdf e esquemas
[2026-07-20 22:03:05] State inicial: 471 arquivos
[2026-07-20 23:10:05] === Auto-Sync iniciado ===
[2026-07-20 23:10:05] Origem: /mnt/win2/textos, pdf e esquemas
[2026-07-20 23:10:05] Destino: /mnt/dados/cerebro com IA/textos, pdf e esquemas
[2026-07-20 23:10:07] State inicial: 471 arquivos
[2026-07-20 23:41:24] === Auto-Sync iniciado ===
[2026-07-20 23:41:24] Origem: /mnt/win2/textos, pdf e esquemas
[2026-07-20 23:41:24] Destino: /mnt/dados/cerebro com IA/textos, pdf e esquemas
[2026-07-20 23:41:26] State inicial: 471 arquivos
[2026-07-21 15:49:17] === Auto-Sync iniciado ===
[2026-07-21 15:49:17] Origem: /mnt/win2/textos, pdf e esquemas
[2026-07-21 15:49:17] Destino: /mnt/dados/cerebro com IA/textos, pdf e esquemas
[2026-07-21 15:49:19] State inicial: 471 arquivos
[2026-07-21 17:03:58] === Auto-Sync iniciado ===
[2026-07-21 17:03:58] Origem: /mnt/win2/textos, pdf e esquemas
[2026-07-21 17:03:58] Destino: /mnt/dados/cerebro com IA/textos, pdf e esquemas
[2026-07-21 17:04:00] State inicial: 471 arquivos
[2026-07-22 07:44:58] === Auto-Sync iniciado ===
[2026-07-22 07:44:58] Origem: /mnt/win2/textos, pdf e esquemas
[2026-07-22 07:44:58] Destino: /mnt/dados/cerebro com IA/textos, pdf e esquemas
[2026-07-22 07:44:59] State inicial: 471 arquivos
[2026-07-22 13:59:40] === Auto-Sync iniciado ===
[2026-07-22 13:59:40] Origem: /mnt/win2/textos, pdf e esquemas
[2026-07-22 13:59:40] Destino: /mnt/dados/cerebro com IA/textos, pdf e esquemas
[2026-07-22 13:59:42] State inicial: 471 arquivos
[2026-07-22 23:14:58] === Auto-Sync iniciado ===
[2026-07-22 23:14:58] Origem: /mnt/win2/textos, pdf e esquemas
[2026-07-22 23:14:58] Destino: /mnt/dados/cerebro com IA/textos, pdf e esquemas
[2026-07-22 23:15:00] State inicial: 471 arquivos
[2026-07-22 23:39:39] === Auto-Sync iniciado ===
[2026-07-22 23:39:39] Origem: /mnt/win2/textos, pdf e esquemas
[2026-07-22 23:39:39] Destino: /mnt/dados/cerebro com IA/textos, pdf e esquemas
[2026-07-22 23:39:41] State inicial: 471 arquivos
[2026-07-22 23:54:44] === Auto-Sync iniciado ===
[2026-07-22 23:54:44] Origem: /mnt/win2/textos, pdf e esquemas
[2026-07-22 23:54:44] Destino: /mnt/dados/cerebro com IA/textos, pdf e esquemas
[2026-07-22 23:54:46] State inicial: 471 arquivos
[2026-07-23 00:00:00] === Auto-Sync iniciado ===
[2026-07-23 00:00:00] Origem: /mnt/win2/textos, pdf e esquemas
[2026-07-23 00:00:00] Destino: /mnt/dados/cerebro com IA/textos, pdf e esquemas
[2026-07-23 00:00:01] State inicial: 471 arquivos
[2026-07-23 00:10:49] === Auto-Sync iniciado ===
[2026-07-23 00:10:49] Origem: /mnt/win2/textos, pdf e esquemas
[2026-07-23 00:10:49] Destino: /mnt/dados/cerebro com IA/textos, pdf e esquemas
[2026-07-23 00:10:51] State inicial: 471 arquivos
[2026-07-23 00:19:09] === Auto-Sync iniciado ===
[2026-07-23 00:19:09] Origem: /mnt/win2/textos, pdf e esquemas
[2026-07-23 00:19:09] Destino: /mnt/dados/cerebro com IA/textos, pdf e esquemas
[2026-07-23 00:19:11] State inicial: 471 arquivos
[2026-07-23 00:27:35] === Auto-Sync iniciado ===
[2026-07-23 00:27:35] Origem: /mnt/win2/textos, pdf e esquemas
[2026-07-23 00:27:35] Destino: /mnt/dados/cerebro com IA/textos, pdf e esquemas
[2026-07-23 00:27:37] State inicial: 471 arquivos
[2026-07-23 00:31:11] === Auto-Sync iniciado ===
[2026-07-23 00:31:11] Origem: /mnt/win2/textos, pdf e esquemas
[2026-07-23 00:31:11] Destino: /mnt/dados/cerebro com IA/textos, pdf e esquemas
[2026-07-23 00:31:13] State inicial: 471 arquivos
[2026-07-23 01:06:23] === Auto-Sync iniciado ===
[2026-07-23 01:06:23] Origem: /mnt/win2/textos, pdf e esquemas
[2026-07-23 01:06:23] Destino: /mnt/dados/cerebro com IA/textos, pdf e esquemas
[2026-07-23 01:06:24] State inicial: 471 arquivos
[2026-07-23 01:14:14] === Auto-Sync iniciado ===
[2026-07-23 01:14:14] Origem: /mnt/win2/textos, pdf e esquemas
[2026-07-23 01:14:14] Destino: /mnt/dados/cerebro com IA/textos, pdf e esquemas
[2026-07-23 01:14:16] State inicial: 471 arquivos
[2026-07-23 01:33:42] === Auto-Sync iniciado ===
[2026-07-23 01:33:42] Origem: /mnt/win2/textos, pdf e esquemas
[2026-07-23 01:33:42] Destino: /mnt/dados/cerebro com IA/textos, pdf e esquemas
[2026-07-23 01:33:43] State inicial: 471 arquivos
[2026-07-23 15:45:57] === Auto-Sync iniciado ===
[2026-07-23 15:45:57] Origem: /mnt/win2/textos, pdf e esquemas
[2026-07-23 15:45:57] Destino: /mnt/dados/cerebro com IA/textos, pdf e esquemas
[2026-07-23 15:45:59] State inicial: 471 arquivos
[2026-07-23 17:00:28] === Auto-Sync iniciado ===
[2026-07-23 17:00:28] Origem: /mnt/win2/textos, pdf e esquemas
[2026-07-23 17:00:28] Destino: /mnt/dados/cerebro com IA/textos, pdf e esquemas
[2026-07-23 17:00:29] State inicial: 471 arquivos
[2026-07-23 21:10:06] === Auto-Sync iniciado ===
[2026-07-23 21:10:06] Origem: /mnt/win2/textos, pdf e esquemas
[2026-07-23 21:10:06] Destino: /mnt/dados/cerebro com IA/textos, pdf e esquemas
[2026-07-23 21:10:08] State inicial: 471 arquivos
[2026-07-23 21:45:16] === Auto-Sync iniciado ===
[2026-07-23 21:45:16] Origem: /mnt/win2/textos, pdf e esquemas
[2026-07-23 21:45:16] Destino: /mnt/dados/cerebro com IA/textos, pdf e esquemas
[2026-07-23 21:45:18] State inicial: 471 arquivos
[2026-07-23 21:51:34] === Auto-Sync iniciado ===
[2026-07-23 21:51:34] Origem: /mnt/win2/textos, pdf e esquemas
[2026-07-23 21:51:34] Destino: /mnt/dados/cerebro com IA/textos, pdf e esquemas
[2026-07-23 21:51:36] State inicial: 471 arquivos
[2026-07-24 19:23:26] === Auto-Sync iniciado ===
[2026-07-24 19:23:26] Origem: /mnt/win2/textos, pdf e esquemas
[2026-07-24 19:23:26] Destino: /mnt/dados/cerebro com IA/textos, pdf e esquemas
[2026-07-24 19:23:28] State inicial: 471 arquivos
[2026-07-24 05:41:05] === Auto-Sync iniciado ===
[2026-07-24 05:41:05] Origem: /mnt/win2/textos, pdf e esquemas
[2026-07-24 05:41:05] Destino: /mnt/dados/cerebro com IA/textos, pdf e esquemas
[2026-07-24 05:41:07] State inicial: 471 arquivos
[2026-07-24 06:03:13] === Auto-Sync iniciado ===
[2026-07-24 06:03:13] Origem: /mnt/win2/textos, pdf e esquemas
[2026-07-24 06:03:13] Destino: /mnt/dados/cerebro com IA/textos, pdf e esquemas
[2026-07-24 06:03:15] State inicial: 471 arquivos
[2026-07-24 06:08:50] === Auto-Sync iniciado ===
[2026-07-24 06:08:50] Origem: /mnt/win2/textos, pdf e esquemas
[2026-07-24 06:08:50] Destino: /mnt/dados/cerebro com IA/textos, pdf e esquemas
[2026-07-24 06:08:51] State inicial: 471 arquivos
[2026-07-24 06:18:40] === Auto-Sync iniciado ===
[2026-07-24 06:18:40] Origem: /mnt/win2/textos, pdf e esquemas
[2026-07-24 06:18:40] Destino: /mnt/dados/cerebro com IA/textos, pdf e esquemas
[2026-07-24 06:18:42] State inicial: 471 arquivos
[2026-07-24 17:06:42] === Auto-Sync iniciado ===
[2026-07-24 17:06:42] Origem: /mnt/win2/textos, pdf e esquemas
[2026-07-24 17:06:42] Destino: /mnt/dados/cerebro com IA/textos, pdf e esquemas
[2026-07-24 17:06:44] State inicial: 471 arquivos
[2026-07-25 07:54:47] === Auto-Sync iniciado ===
[2026-07-25 07:54:47] Origem: /mnt/win2/textos, pdf e esquemas
[2026-07-25 07:54:47] Destino: /mnt/dados/cerebro com IA/textos, pdf e esquemas
[2026-07-25 07:54:49] State inicial: 471 arquivos
[2026-07-25 18:14:36] === Auto-Sync iniciado ===
[2026-07-25 18:14:36] Origem: /mnt/win2/textos, pdf e esquemas
[2026-07-25 18:14:36] Destino: /mnt/dados/cerebro com IA/textos, pdf e esquemas
[2026-07-25 18:14:38] State inicial: 471 arquivos
[2026-08-11 05:12:37] 🆕 Novo arquivo detectado: berco-mini-cama-doce-sonho-instrucoes-de-montagem-816a8.pdf
[2026-08-11 05:12:37] 📎 Copiado: berco-mini-cama-doce-sonho-instrucoes-de-montagem-816a8.pdf
[2026-08-12 19:08:29] === Auto-Sync iniciado ===
[2026-08-12 19:08:29] Origem: /mnt/win2/textos, pdf e esquemas
[2026-08-12 19:08:29] Destino: /mnt/dados/cerebro com IA/textos, pdf e esquemas
[2026-08-12 19:08:31] State inicial: 472 arquivos
[2026-08-12 22:04:10] === Auto-Sync iniciado ===
[2026-08-12 22:04:10] Origem: /mnt/win2/textos, pdf e esquemas
[2026-08-12 22:04:10] Destino: /mnt/dados/cerebro com IA/textos, pdf e esquemas
[2026-08-12 22:04:11] State inicial: 472 arquivos
[2026-08-13 11:35:11] === Auto-Sync iniciado ===
[2026-08-13 11:35:11] Origem: /mnt/win2/textos, pdf e esquemas
[2026-08-13 11:35:11] Destino: /mnt/dados/cerebro com IA/textos, pdf e esquemas
[2026-08-13 11:35:13] State inicial: 472 arquivos
[2026-08-14 07:21:46] === Auto-Sync iniciado ===
[2026-08-14 07:21:46] Origem: /mnt/win2/textos, pdf e esquemas
[2026-08-14 07:21:46] Destino: /mnt/dados/cerebro com IA/textos, pdf e esquemas
[2026-08-14 07:21:48] State inicial: 472 arquivos
[2026-08-14 17:10:41] === Auto-Sync iniciado ===
[2026-08-14 17:10:41] Origem: /mnt/win2/textos, pdf e esquemas
[2026-08-14 17:10:41] Destino: /mnt/dados/cerebro com IA/textos, pdf e esquemas
[2026-08-14 17:10:43] State inicial: 472 arquivos
[2026-08-15 11:56:35] === Auto-Sync iniciado ===
[2026-08-15 11:56:35] Origem: /mnt/win2/textos, pdf e esquemas
[2026-08-15 11:56:35] Destino: /mnt/dados/cerebro com IA/textos, pdf e esquemas
[2026-08-15 11:56:37] State inicial: 472 arquivos
[2026-08-15 19:01:36] === Auto-Sync iniciado ===
[2026-08-15 19:01:36] Origem: /mnt/win2/textos, pdf e esquemas
[2026-08-15 19:01:36] Destino: /mnt/dados/cerebro com IA/textos, pdf e esquemas
[2026-08-15 19:01:38] State inicial: 472 arquivos
[2026-08-16 10:25:54] === Auto-Sync iniciado ===
[2026-08-16 10:25:54] Origem: /mnt/win2/textos, pdf e esquemas
[2026-08-16 10:25:54] Destino: /mnt/dados/cerebro com IA/textos, pdf e esquemas
[2026-08-16 10:25:56] State inicial: 472 arquivos
[2026-08-16 10:44:31] === Auto-Sync iniciado ===
[2026-08-16 10:44:31] Origem: /mnt/win2/textos, pdf e esquemas
[2026-08-16 10:44:31] Destino: /mnt/dados/cerebro com IA/textos, pdf e esquemas
[2026-08-16 10:44:33] State inicial: 472 arquivos
[2026-08-17 03:52:59] === Auto-Sync iniciado ===
[2026-08-17 03:52:59] Origem: /mnt/win2/textos, pdf e esquemas
[2026-08-17 03:52:59] Destino: /mnt/dados/cerebro com IA/textos, pdf e esquemas
[2026-08-17 03:53:01] State inicial: 472 arquivos
[2026-08-18 07:59:11] === Auto-Sync iniciado ===
[2026-08-18 07:59:11] Origem: /mnt/win2/textos, pdf e esquemas
[2026-08-18 07:59:11] Destino: /mnt/dados/cerebro com IA/textos, pdf e esquemas
[2026-08-18 07:59:13] State inicial: 472 arquivos
[2026-08-22 18:04:17] === Auto-Sync iniciado ===
[2026-08-22 18:04:17] Origem: /mnt/win2/textos, pdf e esquemas
[2026-08-22 18:04:17] Destino: /mnt/dados/cerebro com IA/textos, pdf e esquemas
[2026-08-22 18:04:20] State inicial: 472 arquivos
[2026-08-23 14:23:14] === Auto-Sync iniciado ===
[2026-08-23 14:23:14] Origem: /mnt/win2/textos, pdf e esquemas
[2026-08-23 14:23:14] Destino: /mnt/dados/cerebro com IA/textos, pdf e esquemas
[2026-08-23 14:23:16] State inicial: 472 arquivos
